600 leads da fila
lote 1/120: ok=5 bloq=0 err=0
lote 2/120: ok=10 bloq=0 err=0
lote 3/120: ok=15 bloq=0 err=0
lote 4/120: ok=20 bloq=0 err=0
lote 5/120: ok=25 bloq=0 err=0
lote 6/120: ok=30 bloq=0 err=0
lote 7/120: ok=35 bloq=0 err=0
lote 8/120: ok=40 bloq=0 err=0
lote 9/120: ok=45 bloq=0 err=0
lote 10/120: ok=50 bloq=0 err=0
lote 11/120: ok=55 bloq=0 err=0
lote 12/120: ok=60 bloq=0 err=0
lote 13/120: ok=65 bloq=0 err=0
lote 14/120: ok=70 bloq=0 err=0
lote 15/120: ok=75 bloq=0 err=0
lote 16/120: ok=80 bloq=0 err=0
lote 17/120: ok=85 bloq=0 err=0
lote 18/120: ok=90 bloq=0 err=0
lote 19/120: ok=95 bloq=0 err=0
lote 20/120: ok=100 bloq=0 err=0
lote 21/120: ok=105 bloq=0 err=0
lote 22/120: ok=110 bloq=0 err=0
lote 23/120: ok=115 bloq=0 err=0
lote 24/120: ok=120 bloq=0 err=0
lote 25/120: ok=125 bloq=0 err=0
lote 26/120: ok=130 bloq=0 err=0
lote 27/120: ok=135 bloq=0 err=0
lote 28/120: ok=140 bloq=0 err=0
lote 29/120: ok=145 bloq=0 err=0
lote 30/120: ok=150 bloq=0 err=0
lote 31/120: ok=155 bloq=0 err=0
lote 32/120: ok=160 bloq=0 err=0
lote 33/120: ok=165 bloq=0 err=0
lote 34/120: ok=170 bloq=0 err=0
lote 35/120: ok=175 bloq=0 err=0
lote 36/120: ok=180 bloq=0 err=0
lote 37/120: ok=185 bloq=0 err=0
lote 38/120: ok=190 bloq=0 err=0
lote 39/120: ok=195 bloq=0 err=0
lote 40/120: ok=200 bloq=0 err=0
lote 41/120: ok=205 bloq=0 err=0
lote 42/120: ok=210 bloq=0 err=0
lote 43/120: ok=210 bloq=0 err=5
lote 44/120: ok=215 bloq=0 err=5
lote 45/120: ok=220 bloq=0 err=5
lote 46/120: ok=225 bloq=0 err=5
lote 47/120: ok=230 bloq=0 err=5
lote 48/120: ok=235 bloq=0 err=5
lote 49/120: ok=240 bloq=0 err=5
lote 50/120: ok=245 bloq=0 err=5
lote 51/120: ok=250 bloq=0 err=5
lote 52/120: ok=255 bloq=0 err=5
lote 53/120: ok=260 bloq=0 err=5
lote 54/120: ok=265 bloq=0 err=5
lote 55/120: ok=270 bloq=0 err=5
lote 56/120: ok=275 bloq=0 err=5
lote 57/120: ok=280 bloq=0 err=5
lote 58/120: ok=285 bloq=0 err=5
lote 59/120: ok=290 bloq=0 err=5
lote 60/120: ok=295 bloq=0 err=5
lote 61/120: ok=300 bloq=0 err=5
lote 62/120: ok=305 bloq=0 err=5
lote 63/120: ok=310 bloq=0 err=5
lote 64/120: ok=315 bloq=0 err=5
lote 65/120: ok=320 bloq=0 err=5
lote 66/120: ok=325 bloq=0 err=5
lote 67/120: ok=330 bloq=0 err=5
lote 68/120: ok=335 bloq=0 err=5
lote 69/120: ok=340 bloq=0 err=5
lote 70/120: ok=345 bloq=0 err=5
lote 71/120: ok=350 bloq=0 err=5
lote 72/120: ok=355 bloq=0 err=5
lote 73/120: ok=360 bloq=0 err=5
lote 74/120: ok=365 bloq=0 err=5
lote 75/120: ok=370 bloq=0 err=5
lote 76/120: ok=375 bloq=0 err=5
lote 77/120: ok=380 bloq=0 err=5
lote 78/120: ok=385 bloq=0 err=5
lote 79/120: ok=390 bloq=0 err=5
lote 80/120: ok=395 bloq=0 err=5
lote 81/120: ok=400 bloq=0 err=5
lote 82/120: ok=405 bloq=0 err=5
lote 83/120: ok=410 bloq=0 err=5
lote 84/120: ok=415 bloq=0 err=5
lote 85/120: ok=420 bloq=0 err=5
lote 86/120: ok=425 bloq=0 err=5
lote 87/120: ok=430 bloq=0 err=5
lote 88/120: ok=435 bloq=0 err=5
lote 89/120: ok=440 bloq=0 err=5
lote 90/120: ok=445 bloq=0 err=5
lote 91/120: ok=450 bloq=0 err=5
lote 92/120: ok=455 bloq=0 err=5
lote 93/120: ok=460 bloq=0 err=5
lote 94/120: ok=465 bloq=0 err=5
lote 95/120: ok=470 bloq=0 err=5
lote 96/120: ok=475 bloq=0 err=5
lote 97/120: ok=480 bloq=0 err=5
lote 98/120: ok=485 bloq=0 err=5
lote 99/120: ok=490 bloq=0 err=5
lote 100/120: ok=495 bloq=0 err=5
lote 101/120: ok=500 bloq=0 err=5
lote 102/120: ok=505 bloq=0 err=5
lote 103/120: ok=510 bloq=0 err=5
lote 104/120: ok=515 bloq=0 err=5
lote 105/120: ok=520 bloq=0 err=5
lote 106/120: ok=525 bloq=0 err=5
lote 107/120: ok=530 bloq=0 err=5
lote 108/120: ok=535 bloq=0 err=5
lote 109/120: ok=540 bloq=0 err=5
lote 110/120: ok=545 bloq=0 err=5
lote 111/120: ok=550 bloq=0 err=5
lote 112/120: ok=555 bloq=0 err=5
lote 113/120: ok=560 bloq=0 err=5
lote 114/120: ok=565 bloq=0 err=5
lote 115/120: ok=570 bloq=0 err=5
lote 116/120: ok=575 bloq=0 err=5
lote 117/120: ok=580 bloq=0 err=5
lote 118/120: ok=585 bloq=0 err=5
lote 119/120: ok=590 bloq=0 err=5
lote 120/120: ok=595 bloq=0 err=5

🚀 *Disparo D+0 — fila varredura*
Enviados: 595 | bloqueados (já na base): 0 | falhas: 5
Restam na fila: 30018 leads.
