700 leads da fila
lote 1/140: ok=5 bloq=0 err=0
lote 2/140: ok=10 bloq=0 err=0
lote 3/140: ok=15 bloq=0 err=0
lote 4/140: ok=20 bloq=0 err=0
lote 5/140: ok=25 bloq=0 err=0
lote 6/140: ok=30 bloq=0 err=0
lote 7/140: ok=35 bloq=0 err=0
lote 8/140: ok=40 bloq=0 err=0
lote 9/140: ok=45 bloq=0 err=0
lote 10/140: ok=50 bloq=0 err=0
lote 11/140: ok=55 bloq=0 err=0
lote 12/140: ok=60 bloq=0 err=0
lote 13/140: ok=65 bloq=0 err=0
lote 14/140: ok=70 bloq=0 err=0
lote 15/140: ok=75 bloq=0 err=0
lote 16/140: ok=80 bloq=0 err=0
lote 17/140: ok=85 bloq=0 err=0
lote 18/140: ok=90 bloq=0 err=0
lote 19/140: ok=90 bloq=0 err=5
lote 20/140: ok=95 bloq=0 err=5
lote 21/140: ok=95 bloq=0 err=10
lote 22/140: ok=95 bloq=0 err=15
lote 23/140: ok=100 bloq=0 err=15
lote 24/140: ok=105 bloq=0 err=15
lote 25/140: ok=110 bloq=0 err=15
lote 26/140: ok=115 bloq=0 err=15
lote 27/140: ok=120 bloq=0 err=15
lote 28/140: ok=125 bloq=0 err=15
lote 29/140: ok=130 bloq=0 err=15
lote 30/140: ok=135 bloq=0 err=15
lote 31/140: ok=140 bloq=0 err=15
lote 32/140: ok=145 bloq=0 err=15
lote 33/140: ok=150 bloq=0 err=15
lote 34/140: ok=155 bloq=0 err=15
lote 35/140: ok=160 bloq=0 err=15
lote 36/140: ok=165 bloq=0 err=15
lote 37/140: ok=170 bloq=0 err=15
lote 38/140: ok=175 bloq=0 err=15
lote 39/140: ok=180 bloq=0 err=15
lote 40/140: ok=185 bloq=0 err=15
lote 41/140: ok=190 bloq=0 err=15
lote 42/140: ok=195 bloq=0 err=15
lote 43/140: ok=200 bloq=0 err=15
lote 44/140: ok=205 bloq=0 err=15
lote 45/140: ok=210 bloq=0 err=15
lote 46/140: ok=215 bloq=0 err=15
lote 47/140: ok=220 bloq=0 err=15
lote 48/140: ok=225 bloq=0 err=15
lote 49/140: ok=230 bloq=0 err=15
lote 50/140: ok=235 bloq=0 err=15
lote 51/140: ok=240 bloq=0 err=15
lote 52/140: ok=245 bloq=0 err=15
lote 53/140: ok=250 bloq=0 err=15
lote 54/140: ok=255 bloq=0 err=15
lote 55/140: ok=260 bloq=0 err=15
lote 56/140: ok=265 bloq=0 err=15
lote 57/140: ok=270 bloq=0 err=15
lote 58/140: ok=275 bloq=0 err=15
lote 59/140: ok=280 bloq=0 err=15
lote 60/140: ok=285 bloq=0 err=15
lote 61/140: ok=290 bloq=0 err=15
lote 62/140: ok=295 bloq=0 err=15
lote 63/140: ok=300 bloq=0 err=15
lote 64/140: ok=305 bloq=0 err=15
lote 65/140: ok=310 bloq=0 err=15
lote 66/140: ok=315 bloq=0 err=15
lote 67/140: ok=320 bloq=0 err=15
lote 68/140: ok=325 bloq=0 err=15
lote 69/140: ok=330 bloq=0 err=15
lote 70/140: ok=335 bloq=0 err=15
lote 71/140: ok=340 bloq=0 err=15
lote 72/140: ok=345 bloq=0 err=15
lote 73/140: ok=350 bloq=0 err=15
lote 74/140: ok=355 bloq=0 err=15
lote 75/140: ok=360 bloq=0 err=15
lote 76/140: ok=365 bloq=0 err=15
lote 77/140: ok=370 bloq=0 err=15
lote 78/140: ok=375 bloq=0 err=15
lote 79/140: ok=380 bloq=0 err=15
lote 80/140: ok=385 bloq=0 err=15
lote 81/140: ok=390 bloq=0 err=15
lote 82/140: ok=395 bloq=0 err=15
lote 83/140: ok=400 bloq=0 err=15
lote 84/140: ok=405 bloq=0 err=15
lote 85/140: ok=410 bloq=0 err=15
lote 86/140: ok=415 bloq=0 err=15
lote 87/140: ok=420 bloq=0 err=15
lote 88/140: ok=425 bloq=0 err=15
lote 89/140: ok=430 bloq=0 err=15
lote 90/140: ok=435 bloq=0 err=15
lote 91/140: ok=440 bloq=0 err=15
lote 92/140: ok=445 bloq=0 err=15
lote 93/140: ok=450 bloq=0 err=15
lote 94/140: ok=455 bloq=0 err=15
lote 95/140: ok=460 bloq=0 err=15
lote 96/140: ok=465 bloq=0 err=15
lote 97/140: ok=470 bloq=0 err=15
lote 98/140: ok=475 bloq=0 err=15
lote 99/140: ok=480 bloq=0 err=15
lote 100/140: ok=485 bloq=0 err=15
lote 101/140: ok=490 bloq=0 err=15
lote 102/140: ok=495 bloq=0 err=15
lote 103/140: ok=500 bloq=0 err=15
lote 104/140: ok=505 bloq=0 err=15
lote 105/140: ok=510 bloq=0 err=15
lote 106/140: ok=515 bloq=0 err=15
lote 107/140: ok=520 bloq=0 err=15
lote 108/140: ok=525 bloq=0 err=15
lote 109/140: ok=530 bloq=0 err=15
lote 110/140: ok=535 bloq=0 err=15
lote 111/140: ok=540 bloq=0 err=15
lote 112/140: ok=545 bloq=0 err=15
lote 113/140: ok=550 bloq=0 err=15
lote 114/140: ok=555 bloq=0 err=15
lote 115/140: ok=560 bloq=0 err=15
lote 116/140: ok=565 bloq=0 err=15
lote 117/140: ok=570 bloq=0 err=15
lote 118/140: ok=575 bloq=0 err=15
lote 119/140: ok=580 bloq=0 err=15
lote 120/140: ok=585 bloq=0 err=15
lote 121/140: ok=590 bloq=0 err=15
lote 122/140: ok=595 bloq=0 err=15
lote 123/140: ok=600 bloq=0 err=15
lote 124/140: ok=605 bloq=0 err=15
lote 125/140: ok=610 bloq=0 err=15
lote 126/140: ok=615 bloq=0 err=15
lote 127/140: ok=620 bloq=0 err=15
lote 128/140: ok=625 bloq=0 err=15
lote 129/140: ok=630 bloq=0 err=15
lote 130/140: ok=635 bloq=0 err=15
lote 131/140: ok=640 bloq=0 err=15
lote 132/140: ok=645 bloq=0 err=15
lote 133/140: ok=650 bloq=0 err=15
lote 134/140: ok=655 bloq=0 err=15
lote 135/140: ok=660 bloq=0 err=15
lote 136/140: ok=665 bloq=0 err=15
lote 137/140: ok=670 bloq=0 err=15
lote 138/140: ok=675 bloq=0 err=15
lote 139/140: ok=680 bloq=0 err=15
lote 140/140: ok=685 bloq=0 err=15

🚀 *Disparo D+0 — fila varredura*
Enviados: 685 | bloqueados (já na base): 0 | falhas: 15
Restam na fila: 29318 leads.
